// Jest Snapshot v1, https://goo.gl/fbAQLP

exports[`Should render expense list item with an expense 1`] = `
<div>
  <Link
    replace={false}
    to="/edit/2"
  >
    <h3>
      Rent
    </h3>
  </Link>
  <p>
    19500
     - 
    Dec 27th, 1969
  </p>
</div>
`;
