// Jest Snapshot v1, https://goo.gl/fbAQLP

exports[`Should render the NotFoundPage 1`] = `
<div>
  404 Error - 
  <Link
    replace={false}
    to="/"
  >
    Go Home
  </Link>
</div>
`;
